// Vitest Snapshot v1, https://vitest.dev/guide/snapshot.html

exports[`wire-parity: branding.* JSON served to demo apps > checkoutMapper.toStored().config is byte-identical for the fixture 1`] = `"{"mode":"payment","_checkoutMode":"payment","theme":{"primaryColor":"#4779FF","primaryHoverColor":"#3968E8","accentColor":"#1967D2","pageBackground":"#f6f8fa","background":"#ffffff","foreground":"#0e121b","mutedTextColor":"#99a0ae","borderColor":"#e1e4ea","rowBackground":"#f8f9fb","rowHoverBackground":"#eef1f1","gradientFrom":"#daffff","gradientTo":"transparent"},"branding":{"logo":"https://fixture.example/logo.png"}}"`;

exports[`wire-parity: branding.* JSON served to demo apps > earnMapper.toStored().config is byte-identical for the fixture 1`] = `"{"theme":{"primaryColor":"#4779FF","primaryHoverColor":"#3968E8","accentColor":"#1967D2","pageBackground":"#f6f8fa","background":"#ffffff","foregroundColor":"#0e121b","mutedTextColor":"#99a0ae","borderColor":"#e1e4ea","rowBackground":"#f8f9fb","rowHoverBackground":"#eef1f1","gradientFrom":"#daffff","gradientTo":"transparent"},"branding":{"logo":"custom","tokenName":"USDC","logoUrl":"https://fixture.example/logo.png","appName":"Fixture Co"},"layout":{"showSidebar":true}}"`;

exports[`wire-parity: branding.* JSON served to demo apps > remittanceMapper.toStored().config is byte-identical for the fixture 1`] = `"{"theme":{"primaryColor":"#4779FF","primaryHoverColor":"#3968E8","accentColor":"#1967D2","pageBackground":"#f6f8fa","background":"#ffffff","foregroundColor":"#0e121b","mutedTextColor":"#99a0ae","borderColor":"#e1e4ea","rowBackground":"#f8f9fb","rowHoverBackground":"#eef1f1","gradientFrom":"#daffff","gradientTo":"transparent","secondaryColor":"#1E40AF"},"branding":{"logoUrl":"https://fixture.example/logo.png","appName":"Fixture Co"}}"`;

exports[`wire-parity: branding.* JSON served to demo apps > tradeMapper.toStored().config is byte-identical for the fixture 1`] = `"{"branding":{"appName":"NovaX","logoUrl":"https://fixture.example/logo.png"},"theme":{"primaryColor":"#4779FF","primaryHoverColor":"#3968E8","accentColor":"#1967D2","pageBackground":"#f6f8fa","background":"#ffffff","foregroundColor":"#0e121b","mutedTextColor":"#99a0ae","borderColor":"#e1e4ea","rowBackground":"#f8f9fb","rowHoverBackground":"#eef1f1","gradientFrom":"#daffff","gradientTo":"transparent"}}"`;

exports[`wire-parity: branding.* JSON served to demo apps > visaDirectMapper.toStored().config is byte-identical for the fixture 1`] = `"{"branding":{"bannerText":"Demo","logoUrl":"https://fixture.example/logo.png"},"theme":{"primaryColor":"#4779FF","primaryHoverColor":"#3968E8","accentColor":"#1967D2","pageBackground":"#f6f8fa","background":"#ffffff","foregroundColor":"#0e121b","mutedTextColor":"#99a0ae","borderColor":"#e1e4ea","rowBackground":"#f8f9fb","rowHoverBackground":"#eef1f1","gradientFrom":"#daffff","gradientTo":"transparent"}}"`;

exports[`wire-parity: branding.* JSON served to demo apps > walletMapper.toStored().config is byte-identical for the fixture 1`] = `"{"theme":{"primaryColor":"#4779FF","primaryHoverColor":"#3968E8","accentColor":"#1967D2","pageBackground":"#f6f8fa","background":"#ffffff","foreground":"#0e121b","mutedTextColor":"#99a0ae","borderColor":"#e1e4ea","rowBackground":"#f8f9fb","rowHoverBackground":"#eef1f1","gradientFrom":"#daffff","gradientTo":"transparent"},"branding":{"logo":"https://fixture.example/logo.png"}}"`;
